// Jest Snapshot v1, https://goo.gl/fbAQLP

exports[`The main with secondary content renders both sections 1`] = `
<MainWithSecondary
  main={[Function]}
  secondary={[Function]}
>
  <div
    className="main"
  >
    Main
  </div>
  <div
    className="secondary"
  >
    Secondary
  </div>
</MainWithSecondary>
`;
